C51 COMPILER V9.56.0.0   MAIN_TIMER                                                        09/28/2022 10:56:06 PAGE 1   


C51 COMPILER V9.56.0.0, COMPILATION OF MODULE MAIN_TIMER
OBJECT MODULE PLACED IN .\Objects\main_timer.obj
COMPILER INVOKED BY: D:\MDK_v525\C51\BIN\C51.EXE main_timer.c OPTIMIZE(8,SPEED) BROWSE DEBUG OBJECTEXTEND PRINT(.\Listin
                    -gs\main_timer.lst) TABS(2) OBJECT(.\Objects\main_timer.obj)

line level    source

   1          /*
   2            功能：通过定时器中断，控制蜂鸣器（板上为有源蜂鸣器）发声，同时实现一个"秒指示灯"。
   3            定时中断计数值代表了定时时间的倍数，即定时时长的统计，由此得到新的时间。
   4            例如范例中每1000次定时1ms的统计代表了1秒。
   5            注意：定时器的应用；定时中断的应用。
   6            编制：电子科技大学实验中心2022年6月
   7          */
   8          
   9          
  10          #include <reg52.h>
  11          
  12          //智能小车
  13          sbit BUZZER = P2^3; //有源蜂鸣器驱动端口，低电平输出响
  14          sbit LED1 = P1^0;   //定义LED1由P1.0控制
  15          sbit LED2 = P1^1;   //定义LED2由P1.1控制
  16          
  17          /*通常定义一个全局bit量用于逻辑控制标志*/
  18          bit flag_1s = 0;    //1秒标志位
  19          
  20          /*
  21          函数：T1INTSVC()
  22          功能：定时器T1的中断服务函数
  23          说明：
  24            晶振频率为11.0592MHz
  25            定时器初值＝65536-(f0/12)/(2*fx)，其中f0为晶振频率，fx为发声频率，TH = 0xFC;TL = 0x66对应定时时间1ms
  26          */
  27          void T1INTSVC() interrupt 3 //定时器1的中断号为3；若为定时器0，其中断号为1
  28          {
  29   1        static unsigned int counter_1ms = 0;  //为什么变量定义为static类型呢？
  30   1      
  31   1        TR1 = 0;      //暂时停止定时器（在重新设置初值之前必须暂停）
  32   1        TH1 = 0xFC;   //重装初值    
  33   1        TL1 = 0x66;
  34   1        TR1 = 1;      //重新启动定时器
  35   1      
  36   1      //=============以下程序可用于声光报警=================
  37   1        counter_1ms ++;
  38   1        if(counter_1ms == 1000)
  39   1        {
  40   2          counter_1ms = 0;  //输出的信号周期为1秒
  41   2          flag_1s = 1;
  42   2        }
  43   1        if(counter_1ms <= 100)
  44   1        {
  45   2          LED1 = 0;
  46   2          BUZZER = 0;   //如果不用声报警，该语句屏蔽
  47   2        }
  48   1        else
  49   1        {
  50   2          LED1 = 1;
  51   2          BUZZER = 1;   
  52   2        }
  53   1      }
  54          
C51 COMPILER V9.56.0.0   MAIN_TIMER                                                        09/28/2022 10:56:06 PAGE 2   

  55          
  56          //主程序
  57          void main()
  58          { 
  59   1        TMOD = 0x11;  //设置定时器T0为16位定时器，定时器T1为16位定时器
  60   1        TH1 = 0xFC;   //设置定时器1的初值: 0xFC66，对应定时时间1ms
  61   1        TL1 = 0x66;
  62   1        
  63   1        ET1 = 1;    //使能定时器T1中断
  64   1        EA = 1;     //使能总中断
  65   1        TR1 = 1;    //启动定时器T1
  66   1      
  67   1        while(1)
  68   1        {
  69   2          if (flag_1s)
  70   2          {
  71   3            flag_1s = 0;
  72   3            LED2 = !LED2;
  73   3          }
  74   2        }
  75   1      }
  76          //思考：为什么声光报警的程序放在定时中断？如果放在主函数中呢？
  77          


MODULE INFORMATION:   STATIC OVERLAYABLE
   CODE SIZE        =     88    ----
   CONSTANT SIZE    =   ----    ----
   XDATA SIZE       =   ----    ----
   PDATA SIZE       =   ----    ----
   DATA SIZE        =      2    ----
   IDATA SIZE       =   ----    ----
   BIT SIZE         =      1    ----
END OF MODULE INFORMATION.


C51 COMPILATION COMPLETE.  0 WARNING(S),  0 ERROR(S)
